==================================================
  AUDITORIA COMPLETA DE ROTAS - Fri Aug 14 10:20:06 PM UTC 2026
==================================================

[1] GET /api/v1/telemetria/scania
{
  "montadora": "Scania",
  "dados": [
    {
      "id": 1,
      "modelo": "R450",
      "vin": "9BS123456789",
      "temperatura_motor": 88,
      "status": "OK"
    },
    {
      "id": 2,
      "modelo": "S500",
      "vin": "9BS987654321",
      "temperatura_motor": 102,
      "status": "ALERTA_AQUECIMENTO"
    },
    {
      "id": 3,
      "modelo": "R540",
      "vin": "9BS555444333",
      "temperatura_motor": 88,
      "status": "OK"
    }
  ]
}

[2] POST /api/v1/telemetria/scania
{
  "id": 4,
  "modelo": "R540",
  "vin": "9BS555444333",
  "temperatura_motor": 88,
  "status": "OK"
}

[3] GET /api/v1/telemetria/mercedes
{
  "montadora": "Mercedes-Benz",
  "dados": [
    {
      "id": 1,
      "modelo": "Actros 2651",
      "vin": "9BM123456789",
      "temperatura_motor": 87,
      "status": "OK"
    },
    {
      "id": 2,
      "modelo": "Atego 1719",
      "vin": "9BM987654321",
      "temperatura_motor": 98,
      "status": "ALERTA_AQUECIMENTO"
    }
  ]
}

[4] POST /api/v1/telemetria/mercedes
{
  "id": 3,
  "modelo": "Actros 2651",
  "vin": "9BM123456789",
  "temperatura_motor": 90,
  "status": "OK"
}
